json
json
json
json
json
json
json
json
json
json
json
json
json
json
json
json
json
json
json
json
json
json
json
json
json
json
json
json
json
json
json
json
json
json
json
json
json
json
json
json
json
json
json
json
json
json
json
json
json
json
json
json
json
json
json
json
json
json
json
json
json
json
json
json
json
json
json
json
json
json
json
json
json
json
json
json
json
json
json
json
json
json
json
json
json
json
json
json
json
json
json
json
json
json
json
json
json
json
json
json
json
json
json
json
json
json
json
json
json
json
json
Traceback (most recent call last):

  File "C:\Users\NIRMAL BAFNA\AppData\Local\Programs\Python\Python313\Lib\threading.py", line 1012, in _bootstrap
    self._bootstrap_inner()
    │    └ <function Thread._bootstrap_inner at 0x000002E14001FB00>
    └ <WorkerThread(AnyIO worker thread, started 32760)>
  File "C:\Users\NIRMAL BAFNA\AppData\Local\Programs\Python\Python313\Lib\threading.py", line 1041, in _bootstrap_inner
    self.run()
    │    └ <function WorkerThread.run at 0x000002E17B86ADE0>
    └ <WorkerThread(AnyIO worker thread, started 32760)>
  File "C:\Users\NIRMAL BAFNA\AppData\Local\Programs\Python\Python313\Lib\site-packages\anyio\_backends\_asyncio.py", line 967, in run
    result = context.run(func, *args)
             │       │   │      └ ()
             │       │   └ functools.partial(<function trigger_pipeline.<locals>.run_pipeline_task at 0x000002E17BA21260>)
             │       └ <method 'run' of '_contextvars.Context' objects>
             └ <_contextvars.Context object at 0x000002E17B8A5440>

  File "D:\New folder\Crisis\backend\api\routers\pipeline.py", line 95, in run_pipeline_task
    result = asyncio.run(pipeline_orchestrator.run_pipeline(
             │       │   │                     └ <function PipelineOrchestrator.run_pipeline at 0x000002E17B7EC540>
             │       │   └ <backend.services.pipeline_orchestrator.PipelineOrchestrator object at 0x000002E17B799E80>
             │       └ <function run at 0x000002E140407920>
             └ <module 'asyncio' from 'C:\\Users\\NIRMAL BAFNA\\AppData\\Local\\Programs\\Python\\Python313\\Lib\\asyncio\\__init__.py'>

  File "C:\Users\NIRMAL BAFNA\AppData\Local\Programs\Python\Python313\Lib\asyncio\runners.py", line 195, in run
    return runner.run(main)
           │      │   └ <coroutine object PipelineOrchestrator.run_pipeline at 0x000002E17B65BC60>
           │      └ <function Runner.run at 0x000002E141AEADE0>
           └ <asyncio.runners.Runner object at 0x000002E17BA5DE50>
  File "C:\Users\NIRMAL BAFNA\AppData\Local\Programs\Python\Python313\Lib\asyncio\runners.py", line 118, in run
    return self._loop.run_until_complete(task)
           │    │     │                  └ <Task pending name='Task-985' coro=<PipelineOrchestrator.run_pipeline() running at D:\New folder\Crisis\backend\services\pipe...
           │    │     └ <function BaseEventLoop.run_until_complete at 0x000002E141AE8900>
           │    └ <ProactorEventLoop running=True closed=False debug=False>
           └ <asyncio.runners.Runner object at 0x000002E17BA5DE50>
  File "C:\Users\NIRMAL BAFNA\AppData\Local\Programs\Python\Python313\Lib\asyncio\base_events.py", line 712, in run_until_complete
    self.run_forever()
    │    └ <function BaseEventLoop.run_forever at 0x000002E141AE8860>
    └ <ProactorEventLoop running=True closed=False debug=False>
  File "C:\Users\NIRMAL BAFNA\AppData\Local\Programs\Python\Python313\Lib\asyncio\base_events.py", line 683, in run_forever
    self._run_once()
    │    └ <function BaseEventLoop._run_once at 0x000002E141AEA660>
    └ <ProactorEventLoop running=True closed=False debug=False>
  File "C:\Users\NIRMAL BAFNA\AppData\Local\Programs\Python\Python313\Lib\asyncio\base_events.py", line 2040, in _run_once
    handle._run()
    │      └ <function Handle._run at 0x000002E140418EA0>
    └ <Handle Task.task_wakeup()>
  File "C:\Users\NIRMAL BAFNA\AppData\Local\Programs\Python\Python313\Lib\asyncio\events.py", line 89, in _run
    self._context.run(self._callback, *self._args)
    │    │            │    │           │    └ <member '_args' of 'Handle' objects>
    │    │            │    │           └ <Handle Task.task_wakeup()>
    │    │            │    └ <member '_callback' of 'Handle' objects>
    │    │            └ <Handle Task.task_wakeup()>
    │    └ <member '_context' of 'Handle' objects>
    └ <Handle Task.task_wakeup()>

> File "D:\New folder\Crisis\backend\services\pipeline_orchestrator.py", line 146, in run_pipeline
    uq_results = self._run_uq(predictions)
                 │    │       └ [<backend.core.models.Prediction object at 0x000002E17BB15610>, <backend.core.models.Prediction object at 0x000002E17BB14590>]
                 │    └ <function PipelineOrchestrator._run_uq at 0x000002E17B7EC900>
                 └ <backend.services.pipeline_orchestrator.PipelineOrchestrator object at 0x000002E17B799E80>

  File "D:\New folder\Crisis\backend\services\pipeline_orchestrator.py", line 370, in _run_uq
    uq_estimates = uq_service.batch_quantify_uncertainty(predictions)
                   │          │                          └ [<backend.core.models.Prediction object at 0x000002E17BB15610>, <backend.core.models.Prediction object at 0x000002E17BB14590>]
                   │          └ <function UQService.batch_quantify_uncertainty at 0x000002E17B7D9440>
                   └ <backend.services.uq_service.UQService object at 0x000002E17B7982F0>

  File "D:\New folder\Crisis\backend\services\uq_service.py", line 220, in batch_quantify_uncertainty
    uq_estimate = self.quantify_uncertainty(
                  │    └ <function UQService.quantify_uncertainty at 0x000002E17B7D9260>
                  └ <backend.services.uq_service.UQService object at 0x000002E17B7982F0>

  File "D:\New folder\Crisis\backend\services\uq_service.py", line 136, in quantify_uncertainty
    uncertainty_std = prediction.predicted_value * 0.15  # 15% uncertainty
                      │          └ <sqlalchemy.orm.attributes.InstrumentedAttribute object at 0x000002E14532D9E0>
                      └ <backend.core.models.Prediction object at 0x000002E17BB15610>

TypeError: unsupported operand type(s) for *: 'decimal.Decimal' and 'float'
json
json
json
json
json
json
json
json
json
json
json
json
json
json
json
json
json
json
json
json
json
json
Traceback (most recent call last):

  File "C:\Users\NIRMAL BAFNA\AppData\Local\Programs\Python\Python313\Lib\threading.py", line 1012, in _bootstrap
    self._bootstrap_inner()
    │    └ <function Thread._bootstrap_inner at 0x000002373C3CFB00>
    └ <WorkerThread(AnyIO worker thread, started 36232)>
  File "C:\Users\NIRMAL BAFNA\AppData\Local\Programs\Python\Python313\Lib\threading.py", line 1041, in _bootstrap_inner
    self.run()
    │    └ <function WorkerThread.run at 0x0000023777C132E0>
    └ <WorkerThread(AnyIO worker thread, started 36232)>
  File "C:\Users\NIRMAL BAFNA\AppData\Local\Programs\Python\Python313\Lib\site-packages\anyio\_backends\_asyncio.py", line 967, in run
    result = context.run(func, *args)
             │       │   │      └ ()
             │       │   └ functools.partial(<function trigger_pipeline.<locals>.run_pipeline_task at 0x0000023777DB2840>)
             │       └ <method 'run' of '_contextvars.Context' objects>
             └ <_contextvars.Context object at 0x0000023777BAECC0>

  File "D:\New folder\Crisis\backend\api\routers\pipeline.py", line 95, in run_pipeline_task
    result = asyncio.run(pipeline_orchestrator.run_pipeline(
             │       │   │                     └ <function PipelineOrchestrator.run_pipeline at 0x0000023777BA09A0>
             │       │   └ <backend.services.pipeline_orchestrator.PipelineOrchestrator object at 0x0000023777B65E80>
             │       └ <function run at 0x000002373DD37920>
             └ <module 'asyncio' from 'C:\\Users\\NIRMAL BAFNA\\AppData\\Local\\Programs\\Python\\Python313\\Lib\\asyncio\\__init__.py'>

  File "C:\Users\NIRMAL BAFNA\AppData\Local\Programs\Python\Python313\Lib\asyncio\runners.py", line 195, in run
    return runner.run(main)
           │      │   └ <coroutine object PipelineOrchestrator.run_pipeline at 0x0000023777A0BC60>
           │      └ <function Runner.run at 0x000002373DE1ADE0>
           └ <asyncio.runners.Runner object at 0x0000023777C26D50>
  File "C:\Users\NIRMAL BAFNA\AppData\Local\Programs\Python\Python313\Lib\asyncio\runners.py", line 118, in run
    return self._loop.run_until_complete(task)
           │    │     │                  └ <Task pending name='Task-154' coro=<PipelineOrchestrator.run_pipeline() running at D:\New folder\Crisis\backend\services\pipe...
           │    │     └ <function BaseEventLoop.run_until_complete at 0x000002373DE18900>
           │    └ <ProactorEventLoop running=True closed=False debug=False>
           └ <asyncio.runners.Runner object at 0x0000023777C26D50>
  File "C:\Users\NIRMAL BAFNA\AppData\Local\Programs\Python\Python313\Lib\asyncio\base_events.py", line 712, in run_until_complete
    self.run_forever()
    │    └ <function BaseEventLoop.run_forever at 0x000002373DE18860>
    └ <ProactorEventLoop running=True closed=False debug=False>
  File "C:\Users\NIRMAL BAFNA\AppData\Local\Programs\Python\Python313\Lib\asyncio\base_events.py", line 683, in run_forever
    self._run_once()
    │    └ <function BaseEventLoop._run_once at 0x000002373DE1A660>
    └ <ProactorEventLoop running=True closed=False debug=False>
  File "C:\Users\NIRMAL BAFNA\AppData\Local\Programs\Python\Python313\Lib\asyncio\base_events.py", line 2040, in _run_once
    handle._run()
    │      └ <function Handle._run at 0x000002373DD48EA0>
    └ <Handle Task.task_wakeup()>
  File "C:\Users\NIRMAL BAFNA\AppData\Local\Programs\Python\Python313\Lib\asyncio\events.py", line 89, in _run
    self._context.run(self._callback, *self._args)
    │    │            │    │           │    └ <member '_args' of 'Handle' objects>
    │    │            │    │           └ <Handle Task.task_wakeup()>
    │    │            │    └ <member '_callback' of 'Handle' objects>
    │    │            └ <Handle Task.task_wakeup()>
    │    └ <member '_context' of 'Handle' objects>
    └ <Handle Task.task_wakeup()>

> File "D:\New folder\Crisis\backend\services\pipeline_orchestrator.py", line 146, in run_pipeline
    uq_results = self._run_uq(predictions)
                 │    │       └ [<backend.core.models.Prediction object at 0x0000023777DA3B10>, <backend.core.models.Prediction object at 0x0000023777C783E0>]
                 │    └ <function PipelineOrchestrator._run_uq at 0x0000023777BA0D60>
                 └ <backend.services.pipeline_orchestrator.PipelineOrchestrator object at 0x0000023777B65E80>

  File "D:\New folder\Crisis\backend\services\pipeline_orchestrator.py", line 370, in _run_uq
    uq_estimates = uq_service.batch_quantify_uncertainty(predictions)
                   │          │                          └ [<backend.core.models.Prediction object at 0x0000023777DA3B10>, <backend.core.models.Prediction object at 0x0000023777C783E0>]
                   │          └ <function UQService.batch_quantify_uncertainty at 0x0000023777B8D8A0>
                   └ <backend.services.uq_service.UQService object at 0x0000023777B642F0>

  File "D:\New folder\Crisis\backend\services\uq_service.py", line 220, in batch_quantify_uncertainty
    uq_estimate = self.quantify_uncertainty(
                  │    └ <function UQService.quantify_uncertainty at 0x0000023777B8D6C0>
                  └ <backend.services.uq_service.UQService object at 0x0000023777B642F0>

  File "D:\New folder\Crisis\backend\services\uq_service.py", line 136, in quantify_uncertainty
    uncertainty_std = prediction.predicted_value * 0.15  # 15% uncertainty
                      │          └ <sqlalchemy.orm.attributes.InstrumentedAttribute object at 0x000002374170D9E0>
                      └ <backend.core.models.Prediction object at 0x0000023777DA3B10>

TypeError: unsupported operand type(s) for *: 'decimal.Decimal' and 'float'
json
json
json
json
